[2026-06-21 17:31:11] local.ERROR: View path not found. {"exception":"[object] (RuntimeException(code: 0): View path not found. at E:\\Desttop 2026 July\\software systems\\bss system new\\vendor\\laravel\\framework\\src\\Illuminate\\Foundation\\Console\\ViewClearCommand.php:58)
[stacktrace]
#0 E:\\Desttop 2026 July\\software systems\\bss system new\\vendor\\laravel\\framework\\src\\Illuminate\\Container\\BoundMethod.php(36): Illuminate\\Foundation\\Console\\ViewClearCommand->handle()
#1 E:\\Desttop 2026 July\\software systems\\bss system new\\vendor\\laravel\\framework\\src\\Illuminate\\Container\\Util.php(43): Illuminate\\Container\\BoundMethod::Illuminate\\Container\\{closure}()
#2 E:\\Desttop 2026 July\\software systems\\bss system new\\vendor\\laravel\\framework\\src\\Illuminate\\Container\\BoundMethod.php(96): Illuminate\\Container\\Util::unwrapIfClosure()
#3 E:\\Desttop 2026 July\\software systems\\bss system new\\vendor\\laravel\\framework\\src\\Illuminate\\Container\\BoundMethod.php(35): Illuminate\\Container\\BoundMethod::callBoundMethod()
#4 E:\\Desttop 2026 July\\software systems\\bss system new\\vendor\\laravel\\framework\\src\\Illuminate\\Container\\Container.php(780): Illuminate\\Container\\BoundMethod::call()
#5 E:\\Desttop 2026 July\\software systems\\bss system new\\vendor\\laravel\\framework\\src\\Illuminate\\Console\\Command.php(211): Illuminate\\Container\\Container->call()
#6 E:\\Desttop 2026 July\\software systems\\bss system new\\vendor\\symfony\\console\\Command\\Command.php(318): Illuminate\\Console\\Command->execute()
#7 E:\\Desttop 2026 July\\software systems\\bss system new\\vendor\\laravel\\framework\\src\\Illuminate\\Console\\Command.php(180): Symfony\\Component\\Console\\Command\\Command->run()
#8 E:\\Desttop 2026 July\\software systems\\bss system new\\vendor\\laravel\\framework\\src\\Illuminate\\Console\\Concerns\\CallsCommands.php(68): Illuminate\\Console\\Command->run()
#9 E:\\Desttop 2026 July\\software systems\\bss system new\\vendor\\laravel\\framework\\src\\Illuminate\\Console\\Concerns\\CallsCommands.php(41): Illuminate\\Console\\Command->runCommand()
#10 E:\\Desttop 2026 July\\software systems\\bss system new\\vendor\\laravel\\framework\\src\\Illuminate\\Foundation\\Console\\ViewCacheCommand.php(36): Illuminate\\Console\\Command->callSilent()
#11 E:\\Desttop 2026 July\\software systems\\bss system new\\vendor\\laravel\\framework\\src\\Illuminate\\Container\\BoundMethod.php(36): Illuminate\\Foundation\\Console\\ViewCacheCommand->handle()
#12 E:\\Desttop 2026 July\\software systems\\bss system new\\vendor\\laravel\\framework\\src\\Illuminate\\Container\\Util.php(43): Illuminate\\Container\\BoundMethod::Illuminate\\Container\\{closure}()
#13 E:\\Desttop 2026 July\\software systems\\bss system new\\vendor\\laravel\\framework\\src\\Illuminate\\Container\\BoundMethod.php(96): Illuminate\\Container\\Util::unwrapIfClosure()
#14 E:\\Desttop 2026 July\\software systems\\bss system new\\vendor\\laravel\\framework\\src\\Illuminate\\Container\\BoundMethod.php(35): Illuminate\\Container\\BoundMethod::callBoundMethod()
#15 E:\\Desttop 2026 July\\software systems\\bss system new\\vendor\\laravel\\framework\\src\\Illuminate\\Container\\Container.php(780): Illuminate\\Container\\BoundMethod::call()
#16 E:\\Desttop 2026 July\\software systems\\bss system new\\vendor\\laravel\\framework\\src\\Illuminate\\Console\\Command.php(211): Illuminate\\Container\\Container->call()
#17 E:\\Desttop 2026 July\\software systems\\bss system new\\vendor\\symfony\\console\\Command\\Command.php(318): Illuminate\\Console\\Command->execute()
#18 E:\\Desttop 2026 July\\software systems\\bss system new\\vendor\\laravel\\framework\\src\\Illuminate\\Console\\Command.php(180): Symfony\\Component\\Console\\Command\\Command->run()
#19 E:\\Desttop 2026 July\\software systems\\bss system new\\vendor\\symfony\\console\\Application.php(1092): Illuminate\\Console\\Command->run()
#20 E:\\Desttop 2026 July\\software systems\\bss system new\\vendor\\symfony\\console\\Application.php(341): Symfony\\Component\\Console\\Application->doRunCommand()
#21 E:\\Desttop 2026 July\\software systems\\bss system new\\vendor\\symfony\\console\\Application.php(192): Symfony\\Component\\Console\\Application->doRun()
#22 E:\\Desttop 2026 July\\software systems\\bss system new\\vendor\\laravel\\framework\\src\\Illuminate\\Foundation\\Console\\Kernel.php(197): Symfony\\Component\\Console\\Application->run()
#23 E:\\Desttop 2026 July\\software systems\\bss system new\\vendor\\laravel\\framework\\src\\Illuminate\\Foundation\\Application.php(1234): Illuminate\\Foundation\\Console\\Kernel->handle()
#24 E:\\Desttop 2026 July\\software systems\\bss system new\\artisan(16): Illuminate\\Foundation\\Application->handleCommand()
#25 {main}
"} 
[2026-06-21 20:57:56] local.ERROR: Please provide a valid cache path. {"userId":51,"exception":"[object] (InvalidArgumentException(code: 0): Please provide a valid cache path. at E:\\Desttop 2026 July\\software systems\\bss system new\\vendor\\laravel\\framework\\src\\Illuminate\\View\\Compilers\\Compiler.php:75)
[stacktrace]
#0 E:\\Desttop 2026 July\\software systems\\bss system new\\vendor\\laravel\\framework\\src\\Illuminate\\View\\ViewServiceProvider.php(97): Illuminate\\View\\Compilers\\Compiler->__construct()
#1 E:\\Desttop 2026 July\\software systems\\bss system new\\vendor\\laravel\\framework\\src\\Illuminate\\Container\\Container.php(1036): Illuminate\\View\\ViewServiceProvider->Illuminate\\View\\{closure}()
#2 E:\\Desttop 2026 July\\software systems\\bss system new\\vendor\\laravel\\framework\\src\\Illuminate\\Container\\Container.php(916): Illuminate\\Container\\Container->build()
#3 E:\\Desttop 2026 July\\software systems\\bss system new\\vendor\\laravel\\framework\\src\\Illuminate\\Foundation\\Application.php(1077): Illuminate\\Container\\Container->resolve()
#4 E:\\Desttop 2026 July\\software systems\\bss system new\\vendor\\laravel\\framework\\src\\Illuminate\\Container\\Container.php(847): Illuminate\\Foundation\\Application->resolve()
#5 E:\\Desttop 2026 July\\software systems\\bss system new\\vendor\\laravel\\framework\\src\\Illuminate\\Foundation\\Application.php(1057): Illuminate\\Container\\Container->make()
#6 E:\\Desttop 2026 July\\software systems\\bss system new\\vendor\\laravel\\framework\\src\\Illuminate\\View\\ViewServiceProvider.php(169): Illuminate\\Foundation\\Application->make()
#7 [internal function]: Illuminate\\View\\ViewServiceProvider->Illuminate\\View\\{closure}()
#8 E:\\Desttop 2026 July\\software systems\\bss system new\\vendor\\laravel\\framework\\src\\Illuminate\\View\\Engines\\EngineResolver.php(55): call_user_func()
#9 E:\\Desttop 2026 July\\software systems\\bss system new\\vendor\\laravel\\framework\\src\\Illuminate\\View\\Factory.php(325): Illuminate\\View\\Engines\\EngineResolver->resolve()
#10 E:\\Desttop 2026 July\\software systems\\bss system new\\vendor\\laravel\\framework\\src\\Illuminate\\View\\Factory.php(287): Illuminate\\View\\Factory->getEngineFromPath()
#11 E:\\Desttop 2026 July\\software systems\\bss system new\\vendor\\laravel\\framework\\src\\Illuminate\\View\\Factory.php(159): Illuminate\\View\\Factory->viewInstance()
#12 E:\\Desttop 2026 July\\software systems\\bss system new\\vendor\\laravel\\framework\\src\\Illuminate\\Routing\\ResponseFactory.php(91): Illuminate\\View\\Factory->make()
#13 E:\\Desttop 2026 July\\software systems\\bss system new\\vendor\\laravel\\framework\\src\\Illuminate\\Routing\\ViewController.php(40): Illuminate\\Routing\\ResponseFactory->view()
#14 E:\\Desttop 2026 July\\software systems\\bss system new\\vendor\\laravel\\framework\\src\\Illuminate\\Routing\\ViewController.php(57): Illuminate\\Routing\\ViewController->__invoke()
#15 E:\\Desttop 2026 July\\software systems\\bss system new\\vendor\\laravel\\framework\\src\\Illuminate\\Routing\\ControllerDispatcher.php(43): Illuminate\\Routing\\ViewController->callAction()
#16 E:\\Desttop 2026 July\\software systems\\bss system new\\vendor\\laravel\\framework\\src\\Illuminate\\Routing\\Route.php(265): Illuminate\\Routing\\ControllerDispatcher->dispatch()
#17 E:\\Desttop 2026 July\\software systems\\bss system new\\vendor\\laravel\\framework\\src\\Illuminate\\Routing\\Route.php(211): Illuminate\\Routing\\Route->runController()
#18 E:\\Desttop 2026 July\\software systems\\bss system new\\vendor\\laravel\\framework\\src\\Illuminate\\Routing\\Router.php(808): Illuminate\\Routing\\Route->run()
#19 E:\\Desttop 2026 July\\software systems\\bss system new\\vendor\\laravel\\framework\\src\\Illuminate\\Pipeline\\Pipeline.php(169): Illuminate\\Routing\\Router->Illuminate\\Routing\\{closure}()
#20 E:\\Desttop 2026 July\\software systems\\bss system new\\app\\Http\\Middleware\\AuditLogMiddleware.php(18): Illuminate\\Pipeline\\Pipeline->Illuminate\\Pipeline\\{closure}()
#21 E:\\Desttop 2026 July\\software systems\\bss system new\\vendor\\laravel\\framework\\src\\Illuminate\\Pipeline\\Pipeline.php(208): App\\Http\\Middleware\\AuditLogMiddleware->handle()
#22 E:\\Desttop 2026 July\\software systems\\bss system new\\app\\Http\\Middleware\\HandleInertiaRequests.php(12): Illuminate\\Pipeline\\Pipeline->Illuminate\\Pipeline\\{closure}()
#23 E:\\Desttop 2026 July\\software systems\\bss system new\\vendor\\laravel\\framework\\src\\Illuminate\\Pipeline\\Pipeline.php(208): App\\Http\\Middleware\\HandleInertiaRequests->handle()
#24 E:\\Desttop 2026 July\\software systems\\bss system new\\vendor\\laravel\\framework\\src\\Illuminate\\Routing\\Middleware\\SubstituteBindings.php(50): Illuminate\\Pipeline\\Pipeline->Illuminate\\Pipeline\\{closure}()
#25 E:\\Desttop 2026 July\\software systems\\bss system new\\vendor\\laravel\\framework\\src\\Illuminate\\Pipeline\\Pipeline.php(208): Illuminate\\Routing\\Middleware\\SubstituteBindings->handle()
#26 E:\\Desttop 2026 July\\software systems\\bss system new\\vendor\\laravel\\framework\\src\\Illuminate\\Foundation\\Http\\Middleware\\VerifyCsrfToken.php(87): Illuminate\\Pipeline\\Pipeline->Illuminate\\Pipeline\\{closure}()
#27 E:\\Desttop 2026 July\\software systems\\bss system new\\vendor\\laravel\\framework\\src\\Illuminate\\Pipeline\\Pipeline.php(208): Illuminate\\Foundation\\Http\\Middleware\\VerifyCsrfToken->handle()
#28 E:\\Desttop 2026 July\\software systems\\bss system new\\vendor\\laravel\\framework\\src\\Illuminate\\View\\Middleware\\ShareErrorsFromSession.php(48): Illuminate\\Pipeline\\Pipeline->Illuminate\\Pipeline\\{closure}()
#29 E:\\Desttop 2026 July\\software systems\\bss system new\\vendor\\laravel\\framework\\src\\Illuminate\\Pipeline\\Pipeline.php(208): Illuminate\\View\\Middleware\\ShareErrorsFromSession->handle()
#30 E:\\Desttop 2026 July\\software systems\\bss system new\\vendor\\laravel\\framework\\src\\Illuminate\\Session\\Middleware\\StartSession.php(120): Illuminate\\Pipeline\\Pipeline->Illuminate\\Pipeline\\{closure}()
#31 E:\\Desttop 2026 July\\software systems\\bss system new\\vendor\\laravel\\framework\\src\\Illuminate\\Session\\Middleware\\StartSession.php(63): Illuminate\\Session\\Middleware\\StartSession->handleStatefulRequest()
#32 E:\\Desttop 2026 July\\software systems\\bss system new\\vendor\\laravel\\framework\\src\\Illuminate\\Pipeline\\Pipeline.php(208): Illuminate\\Session\\Middleware\\StartSession->handle()
#33 E:\\Desttop 2026 July\\software systems\\bss system new\\vendor\\laravel\\framework\\src\\Illuminate\\Cookie\\Middleware\\AddQueuedCookiesToResponse.php(36): Illuminate\\Pipeline\\Pipeline->Illuminate\\Pipeline\\{closure}()
#34 E:\\Desttop 2026 July\\software systems\\bss system new\\vendor\\laravel\\framework\\src\\Illuminate\\Pipeline\\Pipeline.php(208): Illuminate\\Cookie\\Middleware\\AddQueuedCookiesToResponse->handle()
#35 E:\\Desttop 2026 July\\software systems\\bss system new\\vendor\\laravel\\framework\\src\\Illuminate\\Cookie\\Middleware\\EncryptCookies.php(74): Illuminate\\Pipeline\\Pipeline->Illuminate\\Pipeline\\{closure}()
#36 E:\\Desttop 2026 July\\software systems\\bss system new\\vendor\\laravel\\framework\\src\\Illuminate\\Pipeline\\Pipeline.php(208): Illuminate\\Cookie\\Middleware\\EncryptCookies->handle()
#37 E:\\Desttop 2026 July\\software systems\\bss system new\\vendor\\laravel\\framework\\src\\Illuminate\\Pipeline\\Pipeline.php(126): Illuminate\\Pipeline\\Pipeline->Illuminate\\Pipeline\\{closure}()
#38 E:\\Desttop 2026 July\\software systems\\bss system new\\vendor\\laravel\\framework\\src\\Illuminate\\Routing\\Router.php(807): Illuminate\\Pipeline\\Pipeline->then()
#39 E:\\Desttop 2026 July\\software systems\\bss system new\\vendor\\laravel\\framework\\src\\Illuminate\\Routing\\Router.php(786): Illuminate\\Routing\\Router->runRouteWithinStack()
#40 E:\\Desttop 2026 July\\software systems\\bss system new\\vendor\\laravel\\framework\\src\\Illuminate\\Routing\\Router.php(750): Illuminate\\Routing\\Router->runRoute()
#41 E:\\Desttop 2026 July\\software systems\\bss system new\\vendor\\laravel\\framework\\src\\Illuminate\\Routing\\Router.php(739): Illuminate\\Routing\\Router->dispatchToRoute()
#42 E:\\Desttop 2026 July\\software systems\\bss system new\\vendor\\laravel\\framework\\src\\Illuminate\\Foundation\\Http\\Kernel.php(200): Illuminate\\Routing\\Router->dispatch()
#43 E:\\Desttop 2026 July\\software systems\\bss system new\\vendor\\laravel\\framework\\src\\Illuminate\\Pipeline\\Pipeline.php(169): Illuminate\\Foundation\\Http\\Kernel->Illuminate\\Foundation\\Http\\{closure}()
#44 E:\\Desttop 2026 July\\software systems\\bss system new\\vendor\\laravel\\framework\\src\\Illuminate\\Foundation\\Http\\Middleware\\TransformsRequest.php(21): Illuminate\\Pipeline\\Pipeline->Illuminate\\Pipeline\\{closure}()
#45 E:\\Desttop 2026 July\\software systems\\bss system new\\vendor\\laravel\\framework\\src\\Illuminate\\Foundation\\Http\\Middleware\\ConvertEmptyStringsToNull.php(31): Illuminate\\Foundation\\Http\\Middleware\\TransformsRequest->handle()
#46 E:\\Desttop 2026 July\\software systems\\bss system new\\vendor\\laravel\\framework\\src\\Illuminate\\Pipeline\\Pipeline.php(208): Illuminate\\Foundation\\Http\\Middleware\\ConvertEmptyStringsToNull->handle()
#47 E:\\Desttop 2026 July\\software systems\\bss system new\\vendor\\laravel\\framework\\src\\Illuminate\\Foundation\\Http\\Middleware\\TransformsRequest.php(21): Illuminate\\Pipeline\\Pipeline->Illuminate\\Pipeline\\{closure}()
#48 E:\\Desttop 2026 July\\software systems\\bss system new\\vendor\\laravel\\framework\\src\\Illuminate\\Foundation\\Http\\Middleware\\TrimStrings.php(51): Illuminate\\Foundation\\Http\\Middleware\\TransformsRequest->handle()
#49 E:\\Desttop 2026 July\\software systems\\bss system new\\vendor\\laravel\\framework\\src\\Illuminate\\Pipeline\\Pipeline.php(208): Illuminate\\Foundation\\Http\\Middleware\\TrimStrings->handle()
#50 E:\\Desttop 2026 July\\software systems\\bss system new\\vendor\\laravel\\framework\\src\\Illuminate\\Http\\Middleware\\ValidatePostSize.php(27): Illuminate\\Pipeline\\Pipeline->Illuminate\\Pipeline\\{closure}()
#51 E:\\Desttop 2026 July\\software systems\\bss system new\\vendor\\laravel\\framework\\src\\Illuminate\\Pipeline\\Pipeline.php(208): Illuminate\\Http\\Middleware\\ValidatePostSize->handle()
#52 E:\\Desttop 2026 July\\software systems\\bss system new\\vendor\\laravel\\framework\\src\\Illuminate\\Foundation\\Http\\Middleware\\PreventRequestsDuringMaintenance.php(109): Illuminate\\Pipeline\\Pipeline->Illuminate\\Pipeline\\{closure}()
#53 E:\\Desttop 2026 July\\software systems\\bss system new\\vendor\\laravel\\framework\\src\\Illuminate\\Pipeline\\Pipeline.php(208): Illuminate\\Foundation\\Http\\Middleware\\PreventRequestsDuringMaintenance->handle()
#54 E:\\Desttop 2026 July\\software systems\\bss system new\\vendor\\laravel\\framework\\src\\Illuminate\\Http\\Middleware\\HandleCors.php(48): Illuminate\\Pipeline\\Pipeline->Illuminate\\Pipeline\\{closure}()
#55 E:\\Desttop 2026 July\\software systems\\bss system new\\vendor\\laravel\\framework\\src\\Illuminate\\Pipeline\\Pipeline.php(208): Illuminate\\Http\\Middleware\\HandleCors->handle()
#56 E:\\Desttop 2026 July\\software systems\\bss system new\\vendor\\laravel\\framework\\src\\Illuminate\\Http\\Middleware\\TrustProxies.php(58): Illuminate\\Pipeline\\Pipeline->Illuminate\\Pipeline\\{closure}()
#57 E:\\Desttop 2026 July\\software systems\\bss system new\\vendor\\laravel\\framework\\src\\Illuminate\\Pipeline\\Pipeline.php(208): Illuminate\\Http\\Middleware\\TrustProxies->handle()
#58 E:\\Desttop 2026 July\\software systems\\bss system new\\vendor\\laravel\\framework\\src\\Illuminate\\Foundation\\Http\\Middleware\\InvokeDeferredCallbacks.php(22): Illuminate\\Pipeline\\Pipeline->Illuminate\\Pipeline\\{closure}()
#59 E:\\Desttop 2026 July\\software systems\\bss system new\\vendor\\laravel\\framework\\src\\Illuminate\\Pipeline\\Pipeline.php(208): Illuminate\\Foundation\\Http\\Middleware\\InvokeDeferredCallbacks->handle()
#60 E:\\Desttop 2026 July\\software systems\\bss system new\\vendor\\laravel\\framework\\src\\Illuminate\\Http\\Middleware\\ValidatePathEncoding.php(26): Illuminate\\Pipeline\\Pipeline->Illuminate\\Pipeline\\{closure}()
#61 E:\\Desttop 2026 July\\software systems\\bss system new\\vendor\\laravel\\framework\\src\\Illuminate\\Pipeline\\Pipeline.php(208): Illuminate\\Http\\Middleware\\ValidatePathEncoding->handle()
#62 E:\\Desttop 2026 July\\software systems\\bss system new\\vendor\\laravel\\framework\\src\\Illuminate\\Pipeline\\Pipeline.php(126): Illuminate\\Pipeline\\Pipeline->Illuminate\\Pipeline\\{closure}()
#63 E:\\Desttop 2026 July\\software systems\\bss system new\\vendor\\laravel\\framework\\src\\Illuminate\\Foundation\\Http\\Kernel.php(175): Illuminate\\Pipeline\\Pipeline->then()
#64 E:\\Desttop 2026 July\\software systems\\bss system new\\vendor\\laravel\\framework\\src\\Illuminate\\Foundation\\Http\\Kernel.php(144): Illuminate\\Foundation\\Http\\Kernel->sendRequestThroughRouter()
#65 E:\\Desttop 2026 July\\software systems\\bss system new\\vendor\\laravel\\framework\\src\\Illuminate\\Foundation\\Application.php(1219): Illuminate\\Foundation\\Http\\Kernel->handle()
#66 E:\\Desttop 2026 July\\software systems\\bss system new\\public\\index.php(20): Illuminate\\Foundation\\Application->handleRequest()
#67 E:\\Desttop 2026 July\\software systems\\bss system new\\vendor\\laravel\\framework\\src\\Illuminate\\Foundation\\resources\\server.php(23): require_once('...')
#68 {main}
"} 
[2026-06-21 20:57:58] local.ERROR: Please provide a valid cache path. {"userId":51,"exception":"[object] (InvalidArgumentException(code: 0): Please provide a valid cache path. at E:\\Desttop 2026 July\\software systems\\bss system new\\vendor\\laravel\\framework\\src\\Illuminate\\View\\Compilers\\Compiler.php:75)
[stacktrace]
#0 E:\\Desttop 2026 July\\software systems\\bss system new\\vendor\\laravel\\framework\\src\\Illuminate\\View\\ViewServiceProvider.php(97): Illuminate\\View\\Compilers\\Compiler->__construct()
#1 E:\\Desttop 2026 July\\software systems\\bss system new\\vendor\\laravel\\framework\\src\\Illuminate\\Container\\Container.php(1036): Illuminate\\View\\ViewServiceProvider->Illuminate\\View\\{closure}()
#2 E:\\Desttop 2026 July\\software systems\\bss system new\\vendor\\laravel\\framework\\src\\Illuminate\\Container\\Container.php(916): Illuminate\\Container\\Container->build()
#3 E:\\Desttop 2026 July\\software systems\\bss system new\\vendor\\laravel\\framework\\src\\Illuminate\\Foundation\\Application.php(1077): Illuminate\\Container\\Container->resolve()
#4 E:\\Desttop 2026 July\\software systems\\bss system new\\vendor\\laravel\\framework\\src\\Illuminate\\Container\\Container.php(847): Illuminate\\Foundation\\Application->resolve()
#5 E:\\Desttop 2026 July\\software systems\\bss system new\\vendor\\laravel\\framework\\src\\Illuminate\\Foundation\\Application.php(1057): Illuminate\\Container\\Container->make()
#6 E:\\Desttop 2026 July\\software systems\\bss system new\\vendor\\laravel\\framework\\src\\Illuminate\\View\\ViewServiceProvider.php(169): Illuminate\\Foundation\\Application->make()
#7 [internal function]: Illuminate\\View\\ViewServiceProvider->Illuminate\\View\\{closure}()
#8 E:\\Desttop 2026 July\\software systems\\bss system new\\vendor\\laravel\\framework\\src\\Illuminate\\View\\Engines\\EngineResolver.php(55): call_user_func()
#9 E:\\Desttop 2026 July\\software systems\\bss system new\\vendor\\laravel\\framework\\src\\Illuminate\\View\\Factory.php(325): Illuminate\\View\\Engines\\EngineResolver->resolve()
#10 E:\\Desttop 2026 July\\software systems\\bss system new\\vendor\\laravel\\framework\\src\\Illuminate\\View\\Factory.php(287): Illuminate\\View\\Factory->getEngineFromPath()
#11 E:\\Desttop 2026 July\\software systems\\bss system new\\vendor\\laravel\\framework\\src\\Illuminate\\View\\Factory.php(159): Illuminate\\View\\Factory->viewInstance()
#12 E:\\Desttop 2026 July\\software systems\\bss system new\\vendor\\laravel\\framework\\src\\Illuminate\\Routing\\ResponseFactory.php(91): Illuminate\\View\\Factory->make()
#13 E:\\Desttop 2026 July\\software systems\\bss system new\\vendor\\laravel\\framework\\src\\Illuminate\\Routing\\ViewController.php(40): Illuminate\\Routing\\ResponseFactory->view()
#14 E:\\Desttop 2026 July\\software systems\\bss system new\\vendor\\laravel\\framework\\src\\Illuminate\\Routing\\ViewController.php(57): Illuminate\\Routing\\ViewController->__invoke()
#15 E:\\Desttop 2026 July\\software systems\\bss system new\\vendor\\laravel\\framework\\src\\Illuminate\\Routing\\ControllerDispatcher.php(43): Illuminate\\Routing\\ViewController->callAction()
#16 E:\\Desttop 2026 July\\software systems\\bss system new\\vendor\\laravel\\framework\\src\\Illuminate\\Routing\\Route.php(265): Illuminate\\Routing\\ControllerDispatcher->dispatch()
#17 E:\\Desttop 2026 July\\software systems\\bss system new\\vendor\\laravel\\framework\\src\\Illuminate\\Routing\\Route.php(211): Illuminate\\Routing\\Route->runController()
#18 E:\\Desttop 2026 July\\software systems\\bss system new\\vendor\\laravel\\framework\\src\\Illuminate\\Routing\\Router.php(808): Illuminate\\Routing\\Route->run()
#19 E:\\Desttop 2026 July\\software systems\\bss system new\\vendor\\laravel\\framework\\src\\Illuminate\\Pipeline\\Pipeline.php(169): Illuminate\\Routing\\Router->Illuminate\\Routing\\{closure}()
#20 E:\\Desttop 2026 July\\software systems\\bss system new\\app\\Http\\Middleware\\AuditLogMiddleware.php(18): Illuminate\\Pipeline\\Pipeline->Illuminate\\Pipeline\\{closure}()
#21 E:\\Desttop 2026 July\\software systems\\bss system new\\vendor\\laravel\\framework\\src\\Illuminate\\Pipeline\\Pipeline.php(208): App\\Http\\Middleware\\AuditLogMiddleware->handle()
#22 E:\\Desttop 2026 July\\software systems\\bss system new\\app\\Http\\Middleware\\HandleInertiaRequests.php(12): Illuminate\\Pipeline\\Pipeline->Illuminate\\Pipeline\\{closure}()
#23 E:\\Desttop 2026 July\\software systems\\bss system new\\vendor\\laravel\\framework\\src\\Illuminate\\Pipeline\\Pipeline.php(208): App\\Http\\Middleware\\HandleInertiaRequests->handle()
#24 E:\\Desttop 2026 July\\software systems\\bss system new\\vendor\\laravel\\framework\\src\\Illuminate\\Routing\\Middleware\\SubstituteBindings.php(50): Illuminate\\Pipeline\\Pipeline->Illuminate\\Pipeline\\{closure}()
#25 E:\\Desttop 2026 July\\software systems\\bss system new\\vendor\\laravel\\framework\\src\\Illuminate\\Pipeline\\Pipeline.php(208): Illuminate\\Routing\\Middleware\\SubstituteBindings->handle()
#26 E:\\Desttop 2026 July\\software systems\\bss system new\\vendor\\laravel\\framework\\src\\Illuminate\\Foundation\\Http\\Middleware\\VerifyCsrfToken.php(87): Illuminate\\Pipeline\\Pipeline->Illuminate\\Pipeline\\{closure}()
#27 E:\\Desttop 2026 July\\software systems\\bss system new\\vendor\\laravel\\framework\\src\\Illuminate\\Pipeline\\Pipeline.php(208): Illuminate\\Foundation\\Http\\Middleware\\VerifyCsrfToken->handle()
#28 E:\\Desttop 2026 July\\software systems\\bss system new\\vendor\\laravel\\framework\\src\\Illuminate\\View\\Middleware\\ShareErrorsFromSession.php(48): Illuminate\\Pipeline\\Pipeline->Illuminate\\Pipeline\\{closure}()
#29 E:\\Desttop 2026 July\\software systems\\bss system new\\vendor\\laravel\\framework\\src\\Illuminate\\Pipeline\\Pipeline.php(208): Illuminate\\View\\Middleware\\ShareErrorsFromSession->handle()
#30 E:\\Desttop 2026 July\\software systems\\bss system new\\vendor\\laravel\\framework\\src\\Illuminate\\Session\\Middleware\\StartSession.php(120): Illuminate\\Pipeline\\Pipeline->Illuminate\\Pipeline\\{closure}()
#31 E:\\Desttop 2026 July\\software systems\\bss system new\\vendor\\laravel\\framework\\src\\Illuminate\\Session\\Middleware\\StartSession.php(63): Illuminate\\Session\\Middleware\\StartSession->handleStatefulRequest()
#32 E:\\Desttop 2026 July\\software systems\\bss system new\\vendor\\laravel\\framework\\src\\Illuminate\\Pipeline\\Pipeline.php(208): Illuminate\\Session\\Middleware\\StartSession->handle()
#33 E:\\Desttop 2026 July\\software systems\\bss system new\\vendor\\laravel\\framework\\src\\Illuminate\\Cookie\\Middleware\\AddQueuedCookiesToResponse.php(36): Illuminate\\Pipeline\\Pipeline->Illuminate\\Pipeline\\{closure}()
#34 E:\\Desttop 2026 July\\software systems\\bss system new\\vendor\\laravel\\framework\\src\\Illuminate\\Pipeline\\Pipeline.php(208): Illuminate\\Cookie\\Middleware\\AddQueuedCookiesToResponse->handle()
#35 E:\\Desttop 2026 July\\software systems\\bss system new\\vendor\\laravel\\framework\\src\\Illuminate\\Cookie\\Middleware\\EncryptCookies.php(74): Illuminate\\Pipeline\\Pipeline->Illuminate\\Pipeline\\{closure}()
#36 E:\\Desttop 2026 July\\software systems\\bss system new\\vendor\\laravel\\framework\\src\\Illuminate\\Pipeline\\Pipeline.php(208): Illuminate\\Cookie\\Middleware\\EncryptCookies->handle()
#37 E:\\Desttop 2026 July\\software systems\\bss system new\\vendor\\laravel\\framework\\src\\Illuminate\\Pipeline\\Pipeline.php(126): Illuminate\\Pipeline\\Pipeline->Illuminate\\Pipeline\\{closure}()
#38 E:\\Desttop 2026 July\\software systems\\bss system new\\vendor\\laravel\\framework\\src\\Illuminate\\Routing\\Router.php(807): Illuminate\\Pipeline\\Pipeline->then()
#39 E:\\Desttop 2026 July\\software systems\\bss system new\\vendor\\laravel\\framework\\src\\Illuminate\\Routing\\Router.php(786): Illuminate\\Routing\\Router->runRouteWithinStack()
#40 E:\\Desttop 2026 July\\software systems\\bss system new\\vendor\\laravel\\framework\\src\\Illuminate\\Routing\\Router.php(750): Illuminate\\Routing\\Router->runRoute()
#41 E:\\Desttop 2026 July\\software systems\\bss system new\\vendor\\laravel\\framework\\src\\Illuminate\\Routing\\Router.php(739): Illuminate\\Routing\\Router->dispatchToRoute()
#42 E:\\Desttop 2026 July\\software systems\\bss system new\\vendor\\laravel\\framework\\src\\Illuminate\\Foundation\\Http\\Kernel.php(200): Illuminate\\Routing\\Router->dispatch()
#43 E:\\Desttop 2026 July\\software systems\\bss system new\\vendor\\laravel\\framework\\src\\Illuminate\\Pipeline\\Pipeline.php(169): Illuminate\\Foundation\\Http\\Kernel->Illuminate\\Foundation\\Http\\{closure}()
#44 E:\\Desttop 2026 July\\software systems\\bss system new\\vendor\\laravel\\framework\\src\\Illuminate\\Foundation\\Http\\Middleware\\TransformsRequest.php(21): Illuminate\\Pipeline\\Pipeline->Illuminate\\Pipeline\\{closure}()
#45 E:\\Desttop 2026 July\\software systems\\bss system new\\vendor\\laravel\\framework\\src\\Illuminate\\Foundation\\Http\\Middleware\\ConvertEmptyStringsToNull.php(31): Illuminate\\Foundation\\Http\\Middleware\\TransformsRequest->handle()
#46 E:\\Desttop 2026 July\\software systems\\bss system new\\vendor\\laravel\\framework\\src\\Illuminate\\Pipeline\\Pipeline.php(208): Illuminate\\Foundation\\Http\\Middleware\\ConvertEmptyStringsToNull->handle()
#47 E:\\Desttop 2026 July\\software systems\\bss system new\\vendor\\laravel\\framework\\src\\Illuminate\\Foundation\\Http\\Middleware\\TransformsRequest.php(21): Illuminate\\Pipeline\\Pipeline->Illuminate\\Pipeline\\{closure}()
#48 E:\\Desttop 2026 July\\software systems\\bss system new\\vendor\\laravel\\framework\\src\\Illuminate\\Foundation\\Http\\Middleware\\TrimStrings.php(51): Illuminate\\Foundation\\Http\\Middleware\\TransformsRequest->handle()
#49 E:\\Desttop 2026 July\\software systems\\bss system new\\vendor\\laravel\\framework\\src\\Illuminate\\Pipeline\\Pipeline.php(208): Illuminate\\Foundation\\Http\\Middleware\\TrimStrings->handle()
#50 E:\\Desttop 2026 July\\software systems\\bss system new\\vendor\\laravel\\framework\\src\\Illuminate\\Http\\Middleware\\ValidatePostSize.php(27): Illuminate\\Pipeline\\Pipeline->Illuminate\\Pipeline\\{closure}()
#51 E:\\Desttop 2026 July\\software systems\\bss system new\\vendor\\laravel\\framework\\src\\Illuminate\\Pipeline\\Pipeline.php(208): Illuminate\\Http\\Middleware\\ValidatePostSize->handle()
#52 E:\\Desttop 2026 July\\software systems\\bss system new\\vendor\\laravel\\framework\\src\\Illuminate\\Foundation\\Http\\Middleware\\PreventRequestsDuringMaintenance.php(109): Illuminate\\Pipeline\\Pipeline->Illuminate\\Pipeline\\{closure}()
#53 E:\\Desttop 2026 July\\software systems\\bss system new\\vendor\\laravel\\framework\\src\\Illuminate\\Pipeline\\Pipeline.php(208): Illuminate\\Foundation\\Http\\Middleware\\PreventRequestsDuringMaintenance->handle()
#54 E:\\Desttop 2026 July\\software systems\\bss system new\\vendor\\laravel\\framework\\src\\Illuminate\\Http\\Middleware\\HandleCors.php(48): Illuminate\\Pipeline\\Pipeline->Illuminate\\Pipeline\\{closure}()
#55 E:\\Desttop 2026 July\\software systems\\bss system new\\vendor\\laravel\\framework\\src\\Illuminate\\Pipeline\\Pipeline.php(208): Illuminate\\Http\\Middleware\\HandleCors->handle()
#56 E:\\Desttop 2026 July\\software systems\\bss system new\\vendor\\laravel\\framework\\src\\Illuminate\\Http\\Middleware\\TrustProxies.php(58): Illuminate\\Pipeline\\Pipeline->Illuminate\\Pipeline\\{closure}()
#57 E:\\Desttop 2026 July\\software systems\\bss system new\\vendor\\laravel\\framework\\src\\Illuminate\\Pipeline\\Pipeline.php(208): Illuminate\\Http\\Middleware\\TrustProxies->handle()
#58 E:\\Desttop 2026 July\\software systems\\bss system new\\vendor\\laravel\\framework\\src\\Illuminate\\Foundation\\Http\\Middleware\\InvokeDeferredCallbacks.php(22): Illuminate\\Pipeline\\Pipeline->Illuminate\\Pipeline\\{closure}()
#59 E:\\Desttop 2026 July\\software systems\\bss system new\\vendor\\laravel\\framework\\src\\Illuminate\\Pipeline\\Pipeline.php(208): Illuminate\\Foundation\\Http\\Middleware\\InvokeDeferredCallbacks->handle()
#60 E:\\Desttop 2026 July\\software systems\\bss system new\\vendor\\laravel\\framework\\src\\Illuminate\\Http\\Middleware\\ValidatePathEncoding.php(26): Illuminate\\Pipeline\\Pipeline->Illuminate\\Pipeline\\{closure}()
#61 E:\\Desttop 2026 July\\software systems\\bss system new\\vendor\\laravel\\framework\\src\\Illuminate\\Pipeline\\Pipeline.php(208): Illuminate\\Http\\Middleware\\ValidatePathEncoding->handle()
#62 E:\\Desttop 2026 July\\software systems\\bss system new\\vendor\\laravel\\framework\\src\\Illuminate\\Pipeline\\Pipeline.php(126): Illuminate\\Pipeline\\Pipeline->Illuminate\\Pipeline\\{closure}()
#63 E:\\Desttop 2026 July\\software systems\\bss system new\\vendor\\laravel\\framework\\src\\Illuminate\\Foundation\\Http\\Kernel.php(175): Illuminate\\Pipeline\\Pipeline->then()
#64 E:\\Desttop 2026 July\\software systems\\bss system new\\vendor\\laravel\\framework\\src\\Illuminate\\Foundation\\Http\\Kernel.php(144): Illuminate\\Foundation\\Http\\Kernel->sendRequestThroughRouter()
#65 E:\\Desttop 2026 July\\software systems\\bss system new\\vendor\\laravel\\framework\\src\\Illuminate\\Foundation\\Application.php(1219): Illuminate\\Foundation\\Http\\Kernel->handle()
#66 E:\\Desttop 2026 July\\software systems\\bss system new\\public\\index.php(20): Illuminate\\Foundation\\Application->handleRequest()
#67 E:\\Desttop 2026 July\\software systems\\bss system new\\vendor\\laravel\\framework\\src\\Illuminate\\Foundation\\resources\\server.php(23): require_once('...')
#68 {main}
"} 
